com\mycompany\myfinalproject\PostJob.class
com\mycompany\myfinalproject\ClientChangePass.class
com\mycompany\myfinalproject\SearchWorkers.class
com\mycompany\myfinalproject\GetMessages.class
com\mycompany\myfinalproject\resources\JakartaEE11Resource.class
com\mycompany\myfinalproject\SearchWorksServlet.class
com\mycompany\myfinalproject\WorkercheckMessages$MessageResponse.class
com\mycompany\myfinalproject\SendEmailCode.class
com\mycompany\myfinalproject\MessageServlet.class
com\mycompany\myfinalproject\EditMessage.class
com\mycompany\myfinalproject\JakartaRestConfiguration.class
com\mycompany\myfinalproject\WorkerForgotPass.class
com\mycompany\myfinalproject\ClientLogin.class
com\mycompany\myfinalproject\ClientRegistration.class
com\mycompany\myfinalproject\SendEmailCode$1.class
com\mycompany\myfinalproject\WorkercheckMessages.class
com\mycompany\myfinalproject\SearchClient.class
com\mycompany\myfinalproject\WorkerRegistration.class
com\mycompany\myfinalproject\WorkerRetrievePass.class
com\mycompany\myfinalproject\CheckMessagesServlet.class
com\mycompany\myfinalproject\Double.class
com\mycompany\myfinalproject\WorkerLogin.class
com\mycompany\myfinalproject\CheckMessagesServlet$MessageResponse.class
com\mycompany\myfinalproject\ClientForgotPass.class
com\mycompany\myfinalproject\RegisterWorker.class
com\mycompany\myfinalproject\RatingServlet.class
com\mycompany\myfinalproject\DeleteMessage.class
com\mycompany\myfinalproject\SearchWorkersServlet.class
com\mycompany\myfinalproject\SubmitRating.class
