C:\Users\Micho Moreno\Documents\Documents\NetBeansProjects\MyFinalproject\src\main\java\com\mycompany\myfinalproject\CheckMessagesServlet.java
C:\Users\Micho Moreno\Documents\Documents\NetBeansProjects\MyFinalproject\src\main\java\com\mycompany\myfinalproject\ClientChangePass.java
C:\Users\Micho Moreno\Documents\Documents\NetBeansProjects\MyFinalproject\src\main\java\com\mycompany\myfinalproject\ClientForgotPass.java
C:\Users\Micho Moreno\Documents\Documents\NetBeansProjects\MyFinalproject\src\main\java\com\mycompany\myfinalproject\ClientLogin.java
C:\Users\Micho Moreno\Documents\Documents\NetBeansProjects\MyFinalproject\src\main\java\com\mycompany\myfinalproject\ClientRegistration.java
C:\Users\Micho Moreno\Documents\Documents\NetBeansProjects\MyFinalproject\src\main\java\com\mycompany\myfinalproject\DeleteMessage.java
C:\Users\Micho Moreno\Documents\Documents\NetBeansProjects\MyFinalproject\src\main\java\com\mycompany\myfinalproject\Double.java
C:\Users\Micho Moreno\Documents\Documents\NetBeansProjects\MyFinalproject\src\main\java\com\mycompany\myfinalproject\EditMessage.java
C:\Users\Micho Moreno\Documents\Documents\NetBeansProjects\MyFinalproject\src\main\java\com\mycompany\myfinalproject\GetMessages.java
C:\Users\Micho Moreno\Documents\Documents\NetBeansProjects\MyFinalproject\src\main\java\com\mycompany\myfinalproject\JakartaRestConfiguration.java
C:\Users\Micho Moreno\Documents\Documents\NetBeansProjects\MyFinalproject\src\main\java\com\mycompany\myfinalproject\MessageServlet.java
C:\Users\Micho Moreno\Documents\Documents\NetBeansProjects\MyFinalproject\src\main\java\com\mycompany\myfinalproject\PostJob.java
C:\Users\Micho Moreno\Documents\Documents\NetBeansProjects\MyFinalproject\src\main\java\com\mycompany\myfinalproject\RatingServlet.java
C:\Users\Micho Moreno\Documents\Documents\NetBeansProjects\MyFinalproject\src\main\java\com\mycompany\myfinalproject\RegisterWorker.java
C:\Users\Micho Moreno\Documents\Documents\NetBeansProjects\MyFinalproject\src\main\java\com\mycompany\myfinalproject\resources\JakartaEE11Resource.java
C:\Users\Micho Moreno\Documents\Documents\NetBeansProjects\MyFinalproject\src\main\java\com\mycompany\myfinalproject\SearchClient.java
C:\Users\Micho Moreno\Documents\Documents\NetBeansProjects\MyFinalproject\src\main\java\com\mycompany\myfinalproject\SearchWorkers.java
C:\Users\Micho Moreno\Documents\Documents\NetBeansProjects\MyFinalproject\src\main\java\com\mycompany\myfinalproject\SearchWorkersServlet.java
C:\Users\Micho Moreno\Documents\Documents\NetBeansProjects\MyFinalproject\src\main\java\com\mycompany\myfinalproject\SearchWorksServlet.java
C:\Users\Micho Moreno\Documents\Documents\NetBeansProjects\MyFinalproject\src\main\java\com\mycompany\myfinalproject\SendEmailCode.java
C:\Users\Micho Moreno\Documents\Documents\NetBeansProjects\MyFinalproject\src\main\java\com\mycompany\myfinalproject\SubmitRating.java
C:\Users\Micho Moreno\Documents\Documents\NetBeansProjects\MyFinalproject\src\main\java\com\mycompany\myfinalproject\WorkercheckMessages.java
C:\Users\Micho Moreno\Documents\Documents\NetBeansProjects\MyFinalproject\src\main\java\com\mycompany\myfinalproject\WorkerForgotPass.java
C:\Users\Micho Moreno\Documents\Documents\NetBeansProjects\MyFinalproject\src\main\java\com\mycompany\myfinalproject\WorkerLogin.java
C:\Users\Micho Moreno\Documents\Documents\NetBeansProjects\MyFinalproject\src\main\java\com\mycompany\myfinalproject\WorkerRegistration.java
C:\Users\Micho Moreno\Documents\Documents\NetBeansProjects\MyFinalproject\src\main\java\com\mycompany\myfinalproject\WorkerRetrievePass.java
